******************************************************************************
                  MSP430 Linker PC v21.6.0                     
******************************************************************************
>> Linked Tue Sep 27 13:18:34 2022

OUTPUT FILE NAME:   <2.OLED.out>
ENTRY POINT SYMBOL: "_c_int00_noargs"  address: 0000e30e


MEMORY CONFIGURATION

         name            origin    length      used     unused   attr    fill
----------------------  --------  ---------  --------  --------  ----  --------
  SFR                   00000000   00000010  00000000  00000010  RWIX
  PERIPHERALS_8BIT      00000010   000000f0  00000000  000000f0  RWIX
  PERIPHERALS_16BIT     00000100   00000100  00000000  00000100  RWIX
  RAM                   00000200   00000200  00000070  00000190  RWIX
  INFOD                 00001000   00000040  00000000  00000040  RWIX
  INFOC                 00001040   00000040  00000000  00000040  RWIX
  INFOB                 00001080   00000040  00000000  00000040  RWIX
  INFOA                 000010c0   00000040  00000000  00000040  RWIX
  FLASH                 0000c000   00003fde  00002cbe  00001320  RWIX
  BSLSIGNATURE          0000ffde   00000002  00000002  00000000  RWIX  ffff 
  INT00                 0000ffe0   00000002  00000002  00000000  RWIX
  INT01                 0000ffe2   00000002  00000000  00000002  RWIX
  INT02                 0000ffe4   00000002  00000002  00000000  RWIX
  INT03                 0000ffe6   00000002  00000002  00000000  RWIX
  INT04                 0000ffe8   00000002  00000000  00000002  RWIX
  INT05                 0000ffea   00000002  00000002  00000000  RWIX
  INT06                 0000ffec   00000002  00000002  00000000  RWIX
  INT07                 0000ffee   00000002  00000002  00000000  RWIX
  INT08                 0000fff0   00000002  00000002  00000000  RWIX
  INT09                 0000fff2   00000002  00000002  00000000  RWIX
  INT10                 0000fff4   00000002  00000002  00000000  RWIX
  INT11                 0000fff6   00000002  00000002  00000000  RWIX
  INT12                 0000fff8   00000002  00000002  00000000  RWIX
  INT13                 0000fffa   00000002  00000002  00000000  RWIX
  INT14                 0000fffc   00000002  00000002  00000000  RWIX
  RESET                 0000fffe   00000002  00000002  00000000  RWIX


SECTION ALLOCATION MAP

 output                                  attributes/
section   page    origin      length       input sections
--------  ----  ----------  ----------   ----------------
.bss       0    00000200    0000001c     UNINITIALIZED
                  00000200    00000018     (.common:Acc)
                  00000218    00000004     (.common:Temp)

.data      0    0000021c    00000004     UNINITIALIZED
                  0000021c    00000004     main.obj (.data)

.stack     0    000003b0    00000050     UNINITIALIZED
                  000003b0    00000002     rts430_eabi.lib : boot.c.obj (.stack)
                  000003b2    0000004e     --HOLE--

.text      0    0000c000    0000246e     
                  0000c000    00000736     rts430_eabi.lib : addd.c.obj (.text:__mspabi_addd)
                  0000c736    00000478                     : frcdivd.c.obj (.text:__TI_frcdivd)
                  0000cbae    000002c0                     : mpyd.c.obj (.text:__mspabi_mpyd)
                  0000ce6e    00000238                     : divd.c.obj (.text:__mspabi_divd)
                  0000d0a6    00000228     main.obj (.text:main)
                  0000d2ce    00000172     rts430_eabi.lib : frcmpyd.c.obj (.text:__TI_frcmpyd)
                  0000d440    00000114                     : mult64.asm.obj (.text:__mpyll)
                  0000d554    000000e2     oled.obj (.text:OLED_Init)
                  0000d636    000000c4     rts430_eabi.lib : fs_mpy.asm.obj (.text)
                  0000d6fa    000000b4                     : cvtdf.c.obj (.text:__mspabi_cvtdf)
                  0000d7ae    000000ac                     : fltlid.c.obj (.text:__mspabi_fltlid)
                  0000d85a    000000aa     oled.obj (.text:OLED_ShowChar)
                  0000d904    000000a4     mpu6050.obj (.text:MPU6050_GetAcc)
                  0000d9a8    00000092     oled.obj (.text:OLED_ShowNum)
                  0000da3a    00000086     main.obj (.text:Timer_A)
                  0000dac0    0000007c     rts430_eabi.lib : copy_decompress_lzss.c.obj (.text:decompress:lzss:__TI_decompress_lzss)
                  0000db3c    00000074                     : fixdul.c.obj (.text:__mspabi_fixdul)
                  0000dbb0    00000072                     : fixdli.c.obj (.text:__mspabi_fixdli)
                  0000dc22    00000068                     : fs_toi.asm.obj (.text)
                  0000dc8a    0000005c                     : lsr32.asm.obj (.text:l_lsr_const)
                  0000dce6    0000004c                     : lsr16.asm.obj (.text)
                  0000dd32    0000004a                     : asr64.c.obj (.text:__mspabi_srall)
                  0000dd7c    00000046                     : lsr64.c.obj (.text:__mspabi_srlll)
                  0000ddc2    00000046                     : fs_tou.asm.obj (.text)
                  0000de08    00000044     mpu6050.obj (.text:MPU6050_IIC_ReceiveByte)
                  0000de4c    00000044     mpu6050.obj (.text:MPU6050_ReadData)
                  0000de90    00000044     oled.obj (.text:OLED_Clear)
                  0000ded4    00000044     rts430_eabi.lib : lsl64.c.obj (.text:__mspabi_sllll)
                  0000df18    00000042     oled.obj (.text:OLED_ShowString)
                  0000df5a    00000042     rts430_eabi.lib : autoinit.c.obj (.text:__TI_auto_init_nobinit_nopinit:__TI_auto_init_nobinit_nopinit)
                  0000df9c    0000003e     mpu6050.obj (.text:MPU6050_IIC_SendByte)
                  0000dfda    0000003e     rts430_eabi.lib : asr32.asm.obj (.text:l_asr_const)
                  0000e018    0000003e                     : lsl32.asm.obj (.text:l_lsl_const)
                  0000e056    0000003a     mpu6050.obj (.text:MPU6050_Init)
                  0000e090    00000032     mpu6050.obj (.text:MPU6050_WriteData)
                  0000e0c2    0000002e     oled.obj (.text:Write_IIC_Byte)
                  0000e0f0    0000002e     oled.obj (.text:Write_IIC_Data)
                  0000e11e    0000002c     oled.obj (.text:Write_IIC_Command)
                  0000e14a    0000002c     rts430_eabi.lib : asr16.asm.obj (.text)
                  0000e176    0000002c                     : div16s.asm.obj (.text)
                  0000e1a2    0000002c                     : lsl16.asm.obj (.text)
                  0000e1ce    00000028     oled.obj (.text:OLED_Set_Pos)
                  0000e1f6    00000028     rts430_eabi.lib : fixdi.c.obj (.text:__mspabi_fixdi)
                  0000e21e    00000026     mpu6050.obj (.text:MPU6050_IIC_SendAck)
                  0000e244    00000026     rts430_eabi.lib : mult32.asm.obj (.text)
                  0000e26a    00000022     mpu6050.obj (.text:MPU6050_GetData)
                  0000e28c    00000022     mpu6050.obj (.text:MPU6050_IIC_ReceiveAck)
                  0000e2ae    00000022     rts430_eabi.lib : mult1632.asm.obj (.text:__mpyul)
                  0000e2d0    00000020     mpu6050.obj (.text:MPU6050_IIC_Start)
                  0000e2f0    0000001e     rts430_eabi.lib : mult3264.asm.obj (.text:__mpyull)
                  0000e30e    0000001c                     : boot.c.obj (.text:_c_int00_noargs)
                  0000e32a    0000001a     mpu6050.obj (.text:MPU6050_IIC_Stop)
                  0000e344    00000018     oled.obj (.text:oled_pow)
                  0000e35c    00000016     oled.obj (.text:IIC_Start)
                  0000e372    00000016     main.obj (.text:TimerA_Init)
                  0000e388    00000016     rts430_eabi.lib : div16u.asm.obj (.text)
                  0000e39e    00000014     oled.obj (.text:OLED_WR_Byte)
                  0000e3b2    00000014     rts430_eabi.lib : copy_zero_init.c.obj (.text:decompress:ZI:__TI_zero_init_nomemset:__TI_zero_init_nomemset)
                  0000e3c6    00000014                     : mult16.asm.obj (.text)
                  0000e3da    00000012     oled.obj (.text:IIC_Stop)
                  0000e3ec    00000012     rts430_eabi.lib : fixdu.c.obj (.text:__mspabi_fixdu)
                  0000e3fe    00000012                     : copy_decompress_none.c.obj (.text:decompress:none:__TI_decompress_none)
                  0000e410    00000012                     : lsr32.asm.obj (.text:l_lsr)
                  0000e422    00000012                     : memcpy.c.obj (.text:memcpy)
                  0000e434    00000010                     : epilog.asm.obj (.text)
                  0000e444    0000000c                     : fltid.c.obj (.text:__mspabi_fltid)
                  0000e450    0000000a     oled.obj (.text:IIC_Wait_Ack)
                  0000e45a    00000008     rts430_eabi.lib : isr_trap.asm.obj (.text:_isr:__TI_ISR_TRAP)
                  0000e462    00000006                     : exit.c.obj (.text:abort)
                  0000e468    00000004                     : pre_init.c.obj (.text:_system_pre_init)
                  0000e46c    00000002                     : startup.c.obj (.text:_system_post_cinit)

.const     0    0000e46e    00000836     
                  0000e46e    000005f0     oled.obj (.const:.string:F8X16)
                  0000ea5e    00000228     oled.obj (.const:F6x8)
                  0000ec86    0000001e     main.obj (.const:.string)

.cinit     0    0000eca4    0000001a     
                  0000eca4    00000008     (.cinit..data.load) [load image]
                  0000ecac    00000006     (__TI_handler_table)
                  0000ecb2    00000004     (.cinit..bss.load) [load image, compression = zero_init]
                  0000ecb6    00000008     (__TI_cinit_table)

.binit     0    0000c000    00000000     

.init_array 
*          0    0000c000    00000000     UNINITIALIZED

TRAPINT    0    0000ffe0    00000002     
                  0000ffe0    00000002     rts430_eabi.lib : int00.asm.obj (.int00)

PORT1      0    0000ffe4    00000002     
                  0000ffe4    00000002     rts430_eabi.lib : int02.asm.obj (.int02)

PORT2      0    0000ffe6    00000002     
                  0000ffe6    00000002     rts430_eabi.lib : int03.asm.obj (.int03)

ADC10      0    0000ffea    00000002     
                  0000ffea    00000002     rts430_eabi.lib : int05.asm.obj (.int05)

USCIAB0TX 
*          0    0000ffec    00000002     
                  0000ffec    00000002     rts430_eabi.lib : int06.asm.obj (.int06)

USCIAB0RX 
*          0    0000ffee    00000002     
                  0000ffee    00000002     rts430_eabi.lib : int07.asm.obj (.int07)

TIMER0_A1 
*          0    0000fff0    00000002     
                  0000fff0    00000002     rts430_eabi.lib : int08.asm.obj (.int08)

TIMER0_A0 
*          0    0000fff2    00000002     
                  0000fff2    00000002     main.obj (.int09)

WDT        0    0000fff4    00000002     
                  0000fff4    00000002     rts430_eabi.lib : int10.asm.obj (.int10)

COMPARATORA 
*          0    0000fff6    00000002     
                  0000fff6    00000002     rts430_eabi.lib : int11.asm.obj (.int11)

TIMER1_A1 
*          0    0000fff8    00000002     
                  0000fff8    00000002     rts430_eabi.lib : int12.asm.obj (.int12)

TIMER1_A0 
*          0    0000fffa    00000002     
                  0000fffa    00000002     rts430_eabi.lib : int13.asm.obj (.int13)

NMI        0    0000fffc    00000002     
                  0000fffc    00000002     rts430_eabi.lib : int14.asm.obj (.int14)

.reset     0    0000fffe    00000002     
                  0000fffe    00000002     rts430_eabi.lib : boot.c.obj (.reset)

$fill000   0    0000ffde    00000002     
                  0000ffde    00000002     --HOLE-- [fill = ffff]

MODULE SUMMARY

       Module                       code   ro data   rw data
       ------                       ----   -------   -------
    .\
       oled.obj                     946    2072      0      
       main.obj                     708    32        32     
       mpu6050.obj                  634    0         0      
    +--+----------------------------+------+---------+---------+
       Total:                       2288   2104      32     
                                                            
    D:\ti\ccs\tools\compiler\ti-cgt-msp430_21.6.0.LTS\lib\rts430_eabi.lib
       addd.c.obj                   1846   0         0      
       frcdivd.c.obj                1144   0         0      
       mpyd.c.obj                   704    0         0      
       divd.c.obj                   568    0         0      
       frcmpyd.c.obj                370    0         0      
       mult64.asm.obj               276    0         0      
       fs_mpy.asm.obj               196    0         0      
       cvtdf.c.obj                  180    0         0      
       fltlid.c.obj                 172    0         0      
       copy_decompress_lzss.c.obj   124    0         0      
       fixdul.c.obj                 116    0         0      
       fixdli.c.obj                 114    0         0      
       lsr32.asm.obj                110    0         0      
       fs_toi.asm.obj               104    0         0      
       lsr16.asm.obj                76     0         0      
       asr64.c.obj                  74     0         0      
       fs_tou.asm.obj               70     0         0      
       lsr64.c.obj                  70     0         0      
       lsl64.c.obj                  68     0         0      
       autoinit.c.obj               66     0         0      
       asr32.asm.obj                62     0         0      
       lsl32.asm.obj                62     0         0      
       asr16.asm.obj                44     0         0      
       div16s.asm.obj               44     0         0      
       lsl16.asm.obj                44     0         0      
       fixdi.c.obj                  40     0         0      
       mult32.asm.obj               38     0         0      
       mult1632.asm.obj             34     0         0      
       boot.c.obj                   28     2         0      
       mult3264.asm.obj             30     0         0      
       div16u.asm.obj               22     0         0      
       copy_zero_init.c.obj         20     0         0      
       mult16.asm.obj               20     0         0      
       copy_decompress_none.c.obj   18     0         0      
       fixdu.c.obj                  18     0         0      
       memcpy.c.obj                 18     0         0      
       epilog.asm.obj               16     0         0      
       fltid.c.obj                  12     0         0      
       isr_trap.asm.obj             8      0         0      
       exit.c.obj                   6      0         0      
       pre_init.c.obj               4      0         0      
       int00.asm.obj                0      2         0      
       int02.asm.obj                0      2         0      
       int03.asm.obj                0      2         0      
       int05.asm.obj                0      2         0      
       int06.asm.obj                0      2         0      
       int07.asm.obj                0      2         0      
       int08.asm.obj                0      2         0      
       int10.asm.obj                0      2         0      
       int11.asm.obj                0      2         0      
       int12.asm.obj                0      2         0      
       int13.asm.obj                0      2         0      
       int14.asm.obj                0      2         0      
       startup.c.obj                2      0         0      
    +--+----------------------------+------+---------+---------+
       Total:                       7038   26        0      
                                                            
       Stack:                       0      0         80     
       Linker Generated:            0      26        0      
    +--+----------------------------+------+---------+---------+
       Grand Total:                 9326   2156      112    


LINKER GENERATED COPY TABLES

__TI_cinit_table @ 0000ecb6 records: 2, size/record: 4, table size: 8
	.data: load addr=0000eca4, load size=00000008 bytes, run addr=0000021c, run size=00000004 bytes, compression=copy
	.bss: load addr=0000ecb2, load size=00000004 bytes, run addr=00000200, run size=0000001c bytes, compression=zero_init


LINKER GENERATED HANDLER TABLE

__TI_handler_table @ 0000ecac records: 3, size/record: 2, table size: 6
	index: 0, handler: __TI_zero_init
	index: 1, handler: __TI_decompress_lzss
	index: 2, handler: __TI_decompress_none


GLOBAL SYMBOLS: SORTED ALPHABETICALLY BY Name 

address   name                          
-------   ----                          
0000004a  ADC10AE0                      
000001b0  ADC10CTL0                     
000001b2  ADC10CTL1                     
00000048  ADC10DTC0                     
00000049  ADC10DTC1                     
000001b4  ADC10MEM                      
000001bc  ADC10SA                       
00000200  Acc                           
00000057  BCSCTL1                       
00000058  BCSCTL2                       
00000053  BCSCTL3                       
0000e462  C$$EXIT                       
00000059  CACTL1                        
0000005a  CACTL2                        
000010fb  CALBC1_12MHZ                  
000010f9  CALBC1_16MHZ                  
000010ff  CALBC1_1MHZ                   
000010fd  CALBC1_8MHZ                   
000010fa  CALDCO_12MHZ                  
000010f8  CALDCO_16MHZ                  
000010fe  CALDCO_1MHZ                   
000010fc  CALDCO_8MHZ                   
0000005b  CAPD                          
00000056  DCOCTL                        
0000ea5e  F6x8                          
0000e46e  F8X16                         
00000128  FCTL1                         
0000012a  FCTL2                         
0000012c  FCTL3                         
00000000  IE1                           
00000001  IE2                           
00000002  IFG1                          
00000003  IFG2                          
0000e35c  IIC_Start                     
0000e3da  IIC_Stop                      
0000e450  IIC_Wait_Ack                  
0000d904  MPU6050_GetAcc                
0000e26a  MPU6050_GetData               
0000e28c  MPU6050_IIC_ReceiveAck        
0000de08  MPU6050_IIC_ReceiveByte       
0000e21e  MPU6050_IIC_SendAck           
0000df9c  MPU6050_IIC_SendByte          
0000e2d0  MPU6050_IIC_Start             
0000e32a  MPU6050_IIC_Stop              
0000e056  MPU6050_Init                  
0000de4c  MPU6050_ReadData              
0000e090  MPU6050_WriteData             
0000de90  OLED_Clear                    
0000d554  OLED_Init                     
0000e1ce  OLED_Set_Pos                  
0000d85a  OLED_ShowChar                 
0000d9a8  OLED_ShowNum                  
0000df18  OLED_ShowString               
0000e39e  OLED_WR_Byte                  
00000022  P1DIR                         
00000025  P1IE                          
00000024  P1IES                         
00000023  P1IFG                         
00000020  P1IN                          
00000021  P1OUT                         
00000027  P1REN                         
00000026  P1SEL                         
00000041  P1SEL2                        
0000002a  P2DIR                         
0000002d  P2IE                          
0000002c  P2IES                         
0000002b  P2IFG                         
00000028  P2IN                          
00000029  P2OUT                         
0000002f  P2REN                         
0000002e  P2SEL                         
00000042  P2SEL2                        
0000001a  P3DIR                         
00000018  P3IN                          
00000019  P3OUT                         
00000010  P3REN                         
0000001b  P3SEL                         
00000043  P3SEL2                        
00000172  TA0CCR0                       
00000174  TA0CCR1                       
00000176  TA0CCR2                       
00000162  TA0CCTL0                      
00000164  TA0CCTL1                      
00000166  TA0CCTL2                      
00000160  TA0CTL                        
0000012e  TA0IV                         
00000170  TA0R                          
00000192  TA1CCR0                       
00000194  TA1CCR1                       
00000196  TA1CCR2                       
00000182  TA1CCTL0                      
00000184  TA1CCTL1                      
00000186  TA1CCTL2                      
00000180  TA1CTL                        
0000011e  TA1IV                         
00000190  TA1R                          
000010db  TLV_ADC10_1_LEN               
000010da  TLV_ADC10_1_TAG               
000010c0  TLV_CHECKSUM                  
000010f7  TLV_DCO_30_LEN                
000010f6  TLV_DCO_30_TAG                
00000218  Temp                          
0000e372  TimerA_Init                   
0000da3a  Timer_A                       
0000005d  UCA0ABCTL                     
00000062  UCA0BR0                       
00000063  UCA0BR1                       
00000060  UCA0CTL0                      
00000061  UCA0CTL1                      
0000005f  UCA0IRRCTL                    
0000005e  UCA0IRTCTL                    
00000064  UCA0MCTL                      
00000066  UCA0RXBUF                     
00000065  UCA0STAT                      
00000067  UCA0TXBUF                     
0000006a  UCB0BR0                       
0000006b  UCB0BR1                       
00000068  UCB0CTL0                      
00000069  UCB0CTL1                      
0000006c  UCB0I2CIE                     
00000118  UCB0I2COA                     
0000011a  UCB0I2CSA                     
0000006e  UCB0RXBUF                     
0000006d  UCB0STAT                      
0000006f  UCB0TXBUF                     
00000120  WDTCTL                        
0000e0c2  Write_IIC_Byte                
0000e11e  Write_IIC_Command             
0000e0f0  Write_IIC_Data                
00000400  __STACK_END                   
00000050  __STACK_SIZE                  
0000ecb6  __TI_CINIT_Base               
0000ecbe  __TI_CINIT_Limit              
0000ecbe  __TI_CINIT_Warm               
0000ecac  __TI_Handler_Table_Base       
0000ecb2  __TI_Handler_Table_Limit      
0000e45a  __TI_ISR_TRAP                 
0000df5a  __TI_auto_init_nobinit_nopinit
0000dac0  __TI_decompress_lzss          
0000e3fe  __TI_decompress_none          
0000c736  __TI_frcdivd                  
0000d2ce  __TI_frcmpyd                  
0000ffe0  __TI_int00                    
0000ffe4  __TI_int02                    
0000ffe6  __TI_int03                    
0000ffea  __TI_int05                    
0000ffec  __TI_int06                    
0000ffee  __TI_int07                    
0000fff0  __TI_int08                    
0000fff2  __TI_int09                    
0000fff4  __TI_int10                    
0000fff6  __TI_int11                    
0000fff8  __TI_int12                    
0000fffa  __TI_int13                    
0000fffc  __TI_int14                    
ffffffff  __TI_pprof_out_hndl           
ffffffff  __TI_prof_data_size           
ffffffff  __TI_prof_data_start          
0000e3b2  __TI_zero_init_nomemset       
ffffffff  __c_args__                    
0000c000  __mspabi_addd                 
0000d6fa  __mspabi_cvtdf                
0000ce6e  __mspabi_divd                 
0000e176  __mspabi_divi                 
0000e388  __mspabi_divu                 
0000e1f6  __mspabi_fixdi                
0000dbb0  __mspabi_fixdli               
0000e3ec  __mspabi_fixdu                
0000db3c  __mspabi_fixdul               
0000dc22  __mspabi_fixfi                
0000ddc2  __mspabi_fixfu                
0000e444  __mspabi_fltid                
0000d7ae  __mspabi_fltlid               
0000e440  __mspabi_func_epilog_1        
0000e43e  __mspabi_func_epilog_2        
0000e43c  __mspabi_func_epilog_3        
0000e43a  __mspabi_func_epilog_4        
0000e438  __mspabi_func_epilog_5        
0000e436  __mspabi_func_epilog_6        
0000e434  __mspabi_func_epilog_7        
0000cbae  __mspabi_mpyd                 
0000d636  __mspabi_mpyf                 
0000e3c6  __mspabi_mpyi                 
0000e3c6  __mspabi_mpyi_sw              
0000e244  __mspabi_mpyl                 
0000e244  __mspabi_mpyl_sw              
0000d440  __mspabi_mpyll                
0000d440  __mspabi_mpyll_sw             
0000e2ae  __mspabi_mpyul                
0000e2ae  __mspabi_mpyul_sw             
0000e2f0  __mspabi_mpyull               
0000e2f0  __mspabi_mpyull_sw            
0000e176  __mspabi_remi                 
0000e388  __mspabi_remu                 
0000e1a2  __mspabi_slli                 
0000e1ca  __mspabi_slli_1               
0000e1b8  __mspabi_slli_10              
0000e1b6  __mspabi_slli_11              
0000e1b4  __mspabi_slli_12              
0000e1b2  __mspabi_slli_13              
0000e1b0  __mspabi_slli_14              
0000e1ae  __mspabi_slli_15              
0000e1c8  __mspabi_slli_2               
0000e1c6  __mspabi_slli_3               
0000e1c4  __mspabi_slli_4               
0000e1c2  __mspabi_slli_5               
0000e1c0  __mspabi_slli_6               
0000e1be  __mspabi_slli_7               
0000e1bc  __mspabi_slli_8               
0000e1ba  __mspabi_slli_9               
0000e050  __mspabi_slll_1               
0000e02c  __mspabi_slll_10              
0000e028  __mspabi_slll_11              
0000e024  __mspabi_slll_12              
0000e020  __mspabi_slll_13              
0000e01c  __mspabi_slll_14              
0000e018  __mspabi_slll_15              
0000e04c  __mspabi_slll_2               
0000e048  __mspabi_slll_3               
0000e044  __mspabi_slll_4               
0000e040  __mspabi_slll_5               
0000e03c  __mspabi_slll_6               
0000e038  __mspabi_slll_7               
0000e034  __mspabi_slll_8               
0000e030  __mspabi_slll_9               
0000ded4  __mspabi_sllll                
0000e14a  __mspabi_srai                 
0000e172  __mspabi_srai_1               
0000e160  __mspabi_srai_10              
0000e15e  __mspabi_srai_11              
0000e15c  __mspabi_srai_12              
0000e15a  __mspabi_srai_13              
0000e158  __mspabi_srai_14              
0000e156  __mspabi_srai_15              
0000e170  __mspabi_srai_2               
0000e16e  __mspabi_srai_3               
0000e16c  __mspabi_srai_4               
0000e16a  __mspabi_srai_5               
0000e168  __mspabi_srai_6               
0000e166  __mspabi_srai_7               
0000e164  __mspabi_srai_8               
0000e162  __mspabi_srai_9               
0000e012  __mspabi_sral_1               
0000dfee  __mspabi_sral_10              
0000dfea  __mspabi_sral_11              
0000dfe6  __mspabi_sral_12              
0000dfe2  __mspabi_sral_13              
0000dfde  __mspabi_sral_14              
0000dfda  __mspabi_sral_15              
0000e00e  __mspabi_sral_2               
0000e00a  __mspabi_sral_3               
0000e006  __mspabi_sral_4               
0000e002  __mspabi_sral_5               
0000dffe  __mspabi_sral_6               
0000dffa  __mspabi_sral_7               
0000dff6  __mspabi_sral_8               
0000dff2  __mspabi_sral_9               
0000dd32  __mspabi_srall                
0000dce6  __mspabi_srli                 
0000dd2c  __mspabi_srli_1               
0000dd08  __mspabi_srli_10              
0000dd04  __mspabi_srli_11              
0000dd00  __mspabi_srli_12              
0000dcfc  __mspabi_srli_13              
0000dcf8  __mspabi_srli_14              
0000dcf4  __mspabi_srli_15              
0000dd28  __mspabi_srli_2               
0000dd24  __mspabi_srli_3               
0000dd20  __mspabi_srli_4               
0000dd1c  __mspabi_srli_5               
0000dd18  __mspabi_srli_6               
0000dd14  __mspabi_srli_7               
0000dd10  __mspabi_srli_8               
0000dd0c  __mspabi_srli_9               
0000e410  __mspabi_srll                 
0000dcde  __mspabi_srll_1               
0000dca8  __mspabi_srll_10              
0000dca2  __mspabi_srll_11              
0000dc9c  __mspabi_srll_12              
0000dc96  __mspabi_srll_13              
0000dc90  __mspabi_srll_14              
0000dc8a  __mspabi_srll_15              
0000dcd8  __mspabi_srll_2               
0000dcd2  __mspabi_srll_3               
0000dccc  __mspabi_srll_4               
0000dcc6  __mspabi_srll_5               
0000dcc0  __mspabi_srll_6               
0000dcba  __mspabi_srll_7               
0000dcb4  __mspabi_srll_8               
0000dcae  __mspabi_srll_9               
0000dd7c  __mspabi_srlll                
0000e30e  _c_int00_noargs               
0000fffe  _reset_vector                 
000003b0  _stack                        
0000e46c  _system_post_cinit            
0000e468  _system_pre_init              
0000e462  abort                         
0000d0a6  main                          
0000e422  memcpy                        
0000021c  n                             
0000e344  oled_pow                      


GLOBAL SYMBOLS: SORTED BY Symbol Address 

address   name                          
-------   ----                          
00000000  IE1                           
00000001  IE2                           
00000002  IFG1                          
00000003  IFG2                          
00000010  P3REN                         
00000018  P3IN                          
00000019  P3OUT                         
0000001a  P3DIR                         
0000001b  P3SEL                         
00000020  P1IN                          
00000021  P1OUT                         
00000022  P1DIR                         
00000023  P1IFG                         
00000024  P1IES                         
00000025  P1IE                          
00000026  P1SEL                         
00000027  P1REN                         
00000028  P2IN                          
00000029  P2OUT                         
0000002a  P2DIR                         
0000002b  P2IFG                         
0000002c  P2IES                         
0000002d  P2IE                          
0000002e  P2SEL                         
0000002f  P2REN                         
00000041  P1SEL2                        
00000042  P2SEL2                        
00000043  P3SEL2                        
00000048  ADC10DTC0                     
00000049  ADC10DTC1                     
0000004a  ADC10AE0                      
00000050  __STACK_SIZE                  
00000053  BCSCTL3                       
00000056  DCOCTL                        
00000057  BCSCTL1                       
00000058  BCSCTL2                       
00000059  CACTL1                        
0000005a  CACTL2                        
0000005b  CAPD                          
0000005d  UCA0ABCTL                     
0000005e  UCA0IRTCTL                    
0000005f  UCA0IRRCTL                    
00000060  UCA0CTL0                      
00000061  UCA0CTL1                      
00000062  UCA0BR0                       
00000063  UCA0BR1                       
00000064  UCA0MCTL                      
00000065  UCA0STAT                      
00000066  UCA0RXBUF                     
00000067  UCA0TXBUF                     
00000068  UCB0CTL0                      
00000069  UCB0CTL1                      
0000006a  UCB0BR0                       
0000006b  UCB0BR1                       
0000006c  UCB0I2CIE                     
0000006d  UCB0STAT                      
0000006e  UCB0RXBUF                     
0000006f  UCB0TXBUF                     
00000118  UCB0I2COA                     
0000011a  UCB0I2CSA                     
0000011e  TA1IV                         
00000120  WDTCTL                        
00000128  FCTL1                         
0000012a  FCTL2                         
0000012c  FCTL3                         
0000012e  TA0IV                         
00000160  TA0CTL                        
00000162  TA0CCTL0                      
00000164  TA0CCTL1                      
00000166  TA0CCTL2                      
00000170  TA0R                          
00000172  TA0CCR0                       
00000174  TA0CCR1                       
00000176  TA0CCR2                       
00000180  TA1CTL                        
00000182  TA1CCTL0                      
00000184  TA1CCTL1                      
00000186  TA1CCTL2                      
00000190  TA1R                          
00000192  TA1CCR0                       
00000194  TA1CCR1                       
00000196  TA1CCR2                       
000001b0  ADC10CTL0                     
000001b2  ADC10CTL1                     
000001b4  ADC10MEM                      
000001bc  ADC10SA                       
00000200  Acc                           
00000218  Temp                          
0000021c  n                             
000003b0  _stack                        
00000400  __STACK_END                   
000010c0  TLV_CHECKSUM                  
000010da  TLV_ADC10_1_TAG               
000010db  TLV_ADC10_1_LEN               
000010f6  TLV_DCO_30_TAG                
000010f7  TLV_DCO_30_LEN                
000010f8  CALDCO_16MHZ                  
000010f9  CALBC1_16MHZ                  
000010fa  CALDCO_12MHZ                  
000010fb  CALBC1_12MHZ                  
000010fc  CALDCO_8MHZ                   
000010fd  CALBC1_8MHZ                   
000010fe  CALDCO_1MHZ                   
000010ff  CALBC1_1MHZ                   
0000c000  __mspabi_addd                 
0000c736  __TI_frcdivd                  
0000cbae  __mspabi_mpyd                 
0000ce6e  __mspabi_divd                 
0000d0a6  main                          
0000d2ce  __TI_frcmpyd                  
0000d440  __mspabi_mpyll                
0000d440  __mspabi_mpyll_sw             
0000d554  OLED_Init                     
0000d636  __mspabi_mpyf                 
0000d6fa  __mspabi_cvtdf                
0000d7ae  __mspabi_fltlid               
0000d85a  OLED_ShowChar                 
0000d904  MPU6050_GetAcc                
0000d9a8  OLED_ShowNum                  
0000da3a  Timer_A                       
0000dac0  __TI_decompress_lzss          
0000db3c  __mspabi_fixdul               
0000dbb0  __mspabi_fixdli               
0000dc22  __mspabi_fixfi                
0000dc8a  __mspabi_srll_15              
0000dc90  __mspabi_srll_14              
0000dc96  __mspabi_srll_13              
0000dc9c  __mspabi_srll_12              
0000dca2  __mspabi_srll_11              
0000dca8  __mspabi_srll_10              
0000dcae  __mspabi_srll_9               
0000dcb4  __mspabi_srll_8               
0000dcba  __mspabi_srll_7               
0000dcc0  __mspabi_srll_6               
0000dcc6  __mspabi_srll_5               
0000dccc  __mspabi_srll_4               
0000dcd2  __mspabi_srll_3               
0000dcd8  __mspabi_srll_2               
0000dcde  __mspabi_srll_1               
0000dce6  __mspabi_srli                 
0000dcf4  __mspabi_srli_15              
0000dcf8  __mspabi_srli_14              
0000dcfc  __mspabi_srli_13              
0000dd00  __mspabi_srli_12              
0000dd04  __mspabi_srli_11              
0000dd08  __mspabi_srli_10              
0000dd0c  __mspabi_srli_9               
0000dd10  __mspabi_srli_8               
0000dd14  __mspabi_srli_7               
0000dd18  __mspabi_srli_6               
0000dd1c  __mspabi_srli_5               
0000dd20  __mspabi_srli_4               
0000dd24  __mspabi_srli_3               
0000dd28  __mspabi_srli_2               
0000dd2c  __mspabi_srli_1               
0000dd32  __mspabi_srall                
0000dd7c  __mspabi_srlll                
0000ddc2  __mspabi_fixfu                
0000de08  MPU6050_IIC_ReceiveByte       
0000de4c  MPU6050_ReadData              
0000de90  OLED_Clear                    
0000ded4  __mspabi_sllll                
0000df18  OLED_ShowString               
0000df5a  __TI_auto_init_nobinit_nopinit
0000df9c  MPU6050_IIC_SendByte          
0000dfda  __mspabi_sral_15              
0000dfde  __mspabi_sral_14              
0000dfe2  __mspabi_sral_13              
0000dfe6  __mspabi_sral_12              
0000dfea  __mspabi_sral_11              
0000dfee  __mspabi_sral_10              
0000dff2  __mspabi_sral_9               
0000dff6  __mspabi_sral_8               
0000dffa  __mspabi_sral_7               
0000dffe  __mspabi_sral_6               
0000e002  __mspabi_sral_5               
0000e006  __mspabi_sral_4               
0000e00a  __mspabi_sral_3               
0000e00e  __mspabi_sral_2               
0000e012  __mspabi_sral_1               
0000e018  __mspabi_slll_15              
0000e01c  __mspabi_slll_14              
0000e020  __mspabi_slll_13              
0000e024  __mspabi_slll_12              
0000e028  __mspabi_slll_11              
0000e02c  __mspabi_slll_10              
0000e030  __mspabi_slll_9               
0000e034  __mspabi_slll_8               
0000e038  __mspabi_slll_7               
0000e03c  __mspabi_slll_6               
0000e040  __mspabi_slll_5               
0000e044  __mspabi_slll_4               
0000e048  __mspabi_slll_3               
0000e04c  __mspabi_slll_2               
0000e050  __mspabi_slll_1               
0000e056  MPU6050_Init                  
0000e090  MPU6050_WriteData             
0000e0c2  Write_IIC_Byte                
0000e0f0  Write_IIC_Data                
0000e11e  Write_IIC_Command             
0000e14a  __mspabi_srai                 
0000e156  __mspabi_srai_15              
0000e158  __mspabi_srai_14              
0000e15a  __mspabi_srai_13              
0000e15c  __mspabi_srai_12              
0000e15e  __mspabi_srai_11              
0000e160  __mspabi_srai_10              
0000e162  __mspabi_srai_9               
0000e164  __mspabi_srai_8               
0000e166  __mspabi_srai_7               
0000e168  __mspabi_srai_6               
0000e16a  __mspabi_srai_5               
0000e16c  __mspabi_srai_4               
0000e16e  __mspabi_srai_3               
0000e170  __mspabi_srai_2               
0000e172  __mspabi_srai_1               
0000e176  __mspabi_divi                 
0000e176  __mspabi_remi                 
0000e1a2  __mspabi_slli                 
0000e1ae  __mspabi_slli_15              
0000e1b0  __mspabi_slli_14              
0000e1b2  __mspabi_slli_13              
0000e1b4  __mspabi_slli_12              
0000e1b6  __mspabi_slli_11              
0000e1b8  __mspabi_slli_10              
0000e1ba  __mspabi_slli_9               
0000e1bc  __mspabi_slli_8               
0000e1be  __mspabi_slli_7               
0000e1c0  __mspabi_slli_6               
0000e1c2  __mspabi_slli_5               
0000e1c4  __mspabi_slli_4               
0000e1c6  __mspabi_slli_3               
0000e1c8  __mspabi_slli_2               
0000e1ca  __mspabi_slli_1               
0000e1ce  OLED_Set_Pos                  
0000e1f6  __mspabi_fixdi                
0000e21e  MPU6050_IIC_SendAck           
0000e244  __mspabi_mpyl                 
0000e244  __mspabi_mpyl_sw              
0000e26a  MPU6050_GetData               
0000e28c  MPU6050_IIC_ReceiveAck        
0000e2ae  __mspabi_mpyul                
0000e2ae  __mspabi_mpyul_sw             
0000e2d0  MPU6050_IIC_Start             
0000e2f0  __mspabi_mpyull               
0000e2f0  __mspabi_mpyull_sw            
0000e30e  _c_int00_noargs               
0000e32a  MPU6050_IIC_Stop              
0000e344  oled_pow                      
0000e35c  IIC_Start                     
0000e372  TimerA_Init                   
0000e388  __mspabi_divu                 
0000e388  __mspabi_remu                 
0000e39e  OLED_WR_Byte                  
0000e3b2  __TI_zero_init_nomemset       
0000e3c6  __mspabi_mpyi                 
0000e3c6  __mspabi_mpyi_sw              
0000e3da  IIC_Stop                      
0000e3ec  __mspabi_fixdu                
0000e3fe  __TI_decompress_none          
0000e410  __mspabi_srll                 
0000e422  memcpy                        
0000e434  __mspabi_func_epilog_7        
0000e436  __mspabi_func_epilog_6        
0000e438  __mspabi_func_epilog_5        
0000e43a  __mspabi_func_epilog_4        
0000e43c  __mspabi_func_epilog_3        
0000e43e  __mspabi_func_epilog_2        
0000e440  __mspabi_func_epilog_1        
0000e444  __mspabi_fltid                
0000e450  IIC_Wait_Ack                  
0000e45a  __TI_ISR_TRAP                 
0000e462  C$$EXIT                       
0000e462  abort                         
0000e468  _system_pre_init              
0000e46c  _system_post_cinit            
0000e46e  F8X16                         
0000ea5e  F6x8                          
0000ecac  __TI_Handler_Table_Base       
0000ecb2  __TI_Handler_Table_Limit      
0000ecb6  __TI_CINIT_Base               
0000ecbe  __TI_CINIT_Limit              
0000ecbe  __TI_CINIT_Warm               
0000ffe0  __TI_int00                    
0000ffe4  __TI_int02                    
0000ffe6  __TI_int03                    
0000ffea  __TI_int05                    
0000ffec  __TI_int06                    
0000ffee  __TI_int07                    
0000fff0  __TI_int08                    
0000fff2  __TI_int09                    
0000fff4  __TI_int10                    
0000fff6  __TI_int11                    
0000fff8  __TI_int12                    
0000fffa  __TI_int13                    
0000fffc  __TI_int14                    
0000fffe  _reset_vector                 
ffffffff  __TI_pprof_out_hndl           
ffffffff  __TI_prof_data_size           
ffffffff  __TI_prof_data_start          
ffffffff  __c_args__                    

[301 symbols]
